// Jest Snapshot v1, https://goo.gl/fbAQLP

exports[`ScrollToTop ScrollToTop is display 1`] = `
<div>
  <button
    class="buttonToTop"
    type="button"
  />
</div>
`;
